// Jest Snapshot v1, https://goo.gl/fbAQLP

exports[`Navbar Should render as expected should be similar with the snapshot 1`] = `
Object {
  "asFragment": [Function],
  "baseElement": <body>
    <div>
      <header>
        <nav
          class="nav-section"
        >
          <div
            class="disp-date"
          >
            <ul>
              <li
                class="active"
              >
                <a
                  aria-current="page"
                  class="active"
                  href="/"
                >
                  <i
                    class="fa-solid fa-circle-chevron-left fa-xl"
                  />
                </a>
              </li>
              <h3>
                August 11 2023
              </h3>
            </ul>
          </div>
          <ul
            class="micandsetting"
          >
            <li
              class=""
            >
              <a
                class=""
                href="/micsearch"
              >
                <i
                  class="fa-solid fa-microphone-lines fa-lg"
                />
              </a>
            </li>
            <li
              class=""
            >
              <a
                class=""
                href="/setting"
              >
                <i
                  class="fa-solid fa-gear fa-lg"
                />
              </a>
            </li>
          </ul>
        </nav>
      </header>
    </div>
  </body>,
  "container": <div>
    <header>
      <nav
        class="nav-section"
      >
        <div
          class="disp-date"
        >
          <ul>
            <li
              class="active"
            >
              <a
                aria-current="page"
                class="active"
                href="/"
              >
                <i
                  class="fa-solid fa-circle-chevron-left fa-xl"
                />
              </a>
            </li>
            <h3>
              August 11 2023
            </h3>
          </ul>
        </div>
        <ul
          class="micandsetting"
        >
          <li
            class=""
          >
            <a
              class=""
              href="/micsearch"
            >
              <i
                class="fa-solid fa-microphone-lines fa-lg"
              />
            </a>
          </li>
          <li
            class=""
          >
            <a
              class=""
              href="/setting"
            >
              <i
                class="fa-solid fa-gear fa-lg"
              />
            </a>
          </li>
        </ul>
      </nav>
    </header>
  </div>,
  "debug": [Function],
  "findAllByAltText": [Function],
  "findAllByDisplayValue": [Function],
  "findAllByLabelText": [Function],
  "findAllByPlaceholderText": [Function],
  "findAllByRole": [Function],
  "findAllByTestId": [Function],
  "findAllByText": [Function],
  "findAllByTitle": [Function],
  "findByAltText": [Function],
  "findByDisplayValue": [Function],
  "findByLabelText": [Function],
  "findByPlaceholderText": [Function],
  "findByRole": [Function],
  "findByTestId": [Function],
  "findByText": [Function],
  "findByTitle": [Function],
  "getAllByAltText": [Function],
  "getAllByDisplayValue": [Function],
  "getAllByLabelText": [Function],
  "getAllByPlaceholderText": [Function],
  "getAllByRole": [Function],
  "getAllByTestId": [Function],
  "getAllByText": [Function],
  "getAllByTitle": [Function],
  "getByAltText": [Function],
  "getByDisplayValue": [Function],
  "getByLabelText": [Function],
  "getByPlaceholderText": [Function],
  "getByRole": [Function],
  "getByTestId": [Function],
  "getByText": [Function],
  "getByTitle": [Function],
  "queryAllByAltText": [Function],
  "queryAllByDisplayValue": [Function],
  "queryAllByLabelText": [Function],
  "queryAllByPlaceholderText": [Function],
  "queryAllByRole": [Function],
  "queryAllByTestId": [Function],
  "queryAllByText": [Function],
  "queryAllByTitle": [Function],
  "queryByAltText": [Function],
  "queryByDisplayValue": [Function],
  "queryByLabelText": [Function],
  "queryByPlaceholderText": [Function],
  "queryByRole": [Function],
  "queryByTestId": [Function],
  "queryByText": [Function],
  "queryByTitle": [Function],
  "rerender": [Function],
  "unmount": [Function],
}
`;
